Archive member included to satisfy reference by file (symbol)

/opt/st/stm32cubeide_1.11.0/plugins/com.st.stm32cube.ide.mcu.externaltools.gnu-tools-for-stm32.10.3-2021.10.linux64_1.0.100.202210260954/tools/bin/../lib/gcc/arm-none-eabi/10.3.1/../../../../arm-none-eabi/lib/thumb/v7e-m+fp/hard/libc_nano.a(lib_a-errno.o)
                              ./Core/Src/syscalls.o (__errno)
/opt/st/stm32cubeide_1.11.0/plugins/com.st.stm32cube.ide.mcu.externaltools.gnu-tools-for-stm32.10.3-2021.10.linux64_1.0.100.202210260954/tools/bin/../lib/gcc/arm-none-eabi/10.3.1/../../../../arm-none-eabi/lib/thumb/v7e-m+fp/hard/libc_nano.a(lib_a-exit.o)
                              /opt/st/stm32cubeide_1.11.0/plugins/com.st.stm32cube.ide.mcu.externaltools.gnu-tools-for-stm32.10.3-2021.10.linux64_1.0.100.202210260954/tools/bin/../lib/gcc/arm-none-eabi/10.3.1/../../../../arm-none-eabi/lib/thumb/v7e-m+fp/hard/crt0.o (exit)
/opt/st/stm32cubeide_1.11.0/plugins/com.st.stm32cube.ide.mcu.externaltools.gnu-tools-for-stm32.10.3-2021.10.linux64_1.0.100.202210260954/tools/bin/../lib/gcc/arm-none-eabi/10.3.1/../../../../arm-none-eabi/lib/thumb/v7e-m+fp/hard/libc_nano.a(lib_a-impure.o)
                              /opt/st/stm32cubeide_1.11.0/plugins/com.st.stm32cube.ide.mcu.externaltools.gnu-tools-for-stm32.10.3-2021.10.linux64_1.0.100.202210260954/tools/bin/../lib/gcc/arm-none-eabi/10.3.1/../../../../arm-none-eabi/lib/thumb/v7e-m+fp/hard/libc_nano.a(lib_a-exit.o) (_global_impure_ptr)
/opt/st/stm32cubeide_1.11.0/plugins/com.st.stm32cube.ide.mcu.externaltools.gnu-tools-for-stm32.10.3-2021.10.linux64_1.0.100.202210260954/tools/bin/../lib/gcc/arm-none-eabi/10.3.1/../../../../arm-none-eabi/lib/thumb/v7e-m+fp/hard/libc_nano.a(lib_a-init.o)
                              /opt/st/stm32cubeide_1.11.0/plugins/com.st.stm32cube.ide.mcu.externaltools.gnu-tools-for-stm32.10.3-2021.10.linux64_1.0.100.202210260954/tools/bin/../lib/gcc/arm-none-eabi/10.3.1/../../../../arm-none-eabi/lib/thumb/v7e-m+fp/hard/crt0.o (__libc_init_array)
/opt/st/stm32cubeide_1.11.0/plugins/com.st.stm32cube.ide.mcu.externaltools.gnu-tools-for-stm32.10.3-2021.10.linux64_1.0.100.202210260954/tools/bin/../lib/gcc/arm-none-eabi/10.3.1/../../../../arm-none-eabi/lib/thumb/v7e-m+fp/hard/libc_nano.a(lib_a-malloc.o)
                              ./Core/Src/main.o (malloc)
/opt/st/stm32cubeide_1.11.0/plugins/com.st.stm32cube.ide.mcu.externaltools.gnu-tools-for-stm32.10.3-2021.10.linux64_1.0.100.202210260954/tools/bin/../lib/gcc/arm-none-eabi/10.3.1/../../../../arm-none-eabi/lib/thumb/v7e-m+fp/hard/libc_nano.a(lib_a-memset.o)
                              /opt/st/stm32cubeide_1.11.0/plugins/com.st.stm32cube.ide.mcu.externaltools.gnu-tools-for-stm32.10.3-2021.10.linux64_1.0.100.202210260954/tools/bin/../lib/gcc/arm-none-eabi/10.3.1/../../../../arm-none-eabi/lib/thumb/v7e-m+fp/hard/crt0.o (memset)
/opt/st/stm32cubeide_1.11.0/plugins/com.st.stm32cube.ide.mcu.externaltools.gnu-tools-for-stm32.10.3-2021.10.linux64_1.0.100.202210260954/tools/bin/../lib/gcc/arm-none-eabi/10.3.1/../../../../arm-none-eabi/lib/thumb/v7e-m+fp/hard/libc_nano.a(lib_a-nano-freer.o)
                              /opt/st/stm32cubeide_1.11.0/plugins/com.st.stm32cube.ide.mcu.externaltools.gnu-tools-for-stm32.10.3-2021.10.linux64_1.0.100.202210260954/tools/bin/../lib/gcc/arm-none-eabi/10.3.1/../../../../arm-none-eabi/lib/thumb/v7e-m+fp/hard/libc_nano.a(lib_a-malloc.o) (_free_r)
/opt/st/stm32cubeide_1.11.0/plugins/com.st.stm32cube.ide.mcu.externaltools.gnu-tools-for-stm32.10.3-2021.10.linux64_1.0.100.202210260954/tools/bin/../lib/gcc/arm-none-eabi/10.3.1/../../../../arm-none-eabi/lib/thumb/v7e-m+fp/hard/libc_nano.a(lib_a-nano-mallocr.o)
                              /opt/st/stm32cubeide_1.11.0/plugins/com.st.stm32cube.ide.mcu.externaltools.gnu-tools-for-stm32.10.3-2021.10.linux64_1.0.100.202210260954/tools/bin/../lib/gcc/arm-none-eabi/10.3.1/../../../../arm-none-eabi/lib/thumb/v7e-m+fp/hard/libc_nano.a(lib_a-malloc.o) (_malloc_r)
/opt/st/stm32cubeide_1.11.0/plugins/com.st.stm32cube.ide.mcu.externaltools.gnu-tools-for-stm32.10.3-2021.10.linux64_1.0.100.202210260954/tools/bin/../lib/gcc/arm-none-eabi/10.3.1/../../../../arm-none-eabi/lib/thumb/v7e-m+fp/hard/libc_nano.a(lib_a-sbrkr.o)
                              /opt/st/stm32cubeide_1.11.0/plugins/com.st.stm32cube.ide.mcu.externaltools.gnu-tools-for-stm32.10.3-2021.10.linux64_1.0.100.202210260954/tools/bin/../lib/gcc/arm-none-eabi/10.3.1/../../../../arm-none-eabi/lib/thumb/v7e-m+fp/hard/libc_nano.a(lib_a-nano-mallocr.o) (_sbrk_r)
/opt/st/stm32cubeide_1.11.0/plugins/com.st.stm32cube.ide.mcu.externaltools.gnu-tools-for-stm32.10.3-2021.10.linux64_1.0.100.202210260954/tools/bin/../lib/gcc/arm-none-eabi/10.3.1/../../../../arm-none-eabi/lib/thumb/v7e-m+fp/hard/libc_nano.a(lib_a-strncpy.o)
                              ./Core/Src/main.o (strncpy)
[...]
Memory Configuration

Name             Origin             Length             Attributes
CCMRAM           0x0000000010000000 0x0000000000010000 xrw
RAM              0x0000000020000000 0x0000000000020000 xrw
FLASH            0x0000000008000000 0x0000000000100000 xr
*default*        0x0000000000000000 0xffffffffffffffff

Linker script and memory map

LOAD /opt/st/stm32cubeide_1.11.0/plugins/com.st.stm32cube.ide.mcu.externaltools.gnu-tools-for-stm32.10.3-2021.10.linux64_1.0.100.202210260954/tools/bin/../lib/gcc/arm-none-eabi/10.3.1/thumb/v7e-m+fp/hard/crti.o
LOAD /opt/st/stm32cubeide_1.11.0/plugins/com.st.stm32cube.ide.mcu.externaltools.gnu-tools-for-stm32.10.3-2021.10.linux64_1.0.100.202210260954/tools/bin/../lib/gcc/arm-none-eabi/10.3.1/thumb/v7e-m+fp/hard/crtbegin.o
LOAD /opt/st/stm32cubeide_1.11.0/plugins/com.st.stm32cube.ide.mcu.externaltools.gnu-tools-for-stm32.10.3-2021.10.linux64_1.0.100.202210260954/tools/bin/../lib/gcc/arm-none-eabi/10.3.1/../../../../arm-none-eabi/lib/thumb/v7e-m+fp/hard/crt0.o
LOAD ./Core/Src/gpio.o
LOAD ./Core/Src/main.o
LOAD ./Core/Src/motor.o
LOAD ./Core/Src/pid.o
LOAD ./Core/Src/stm32f4xx_hal_msp.o
LOAD ./Core/Src/stm32f4xx_it.o
LOAD ./Core/Src/syscalls.o
LOAD ./Core/Src/sysmem.o
LOAD ./Core/Src/system_stm32f4xx.o
LOAD ./Core/Src/tim.o
LOAD ./Core/Src/usart.o
LOAD ./Core/Src/utils.o
LOAD ./Core/Startup/startup_stm32f407vgtx.o
LOAD ./Drivers/STM32F4xx_HAL_Driver/Src/stm32f4xx_hal.o
LOAD ./Drivers/STM32F4xx_HAL_Driver/Src/stm32f4xx_hal_cortex.o
LOAD ./Drivers/STM32F4xx_HAL_Driver/Src/stm32f4xx_hal_dma.o
LOAD ./Drivers/STM32F4xx_HAL_Driver/Src/stm32f4xx_hal_dma_ex.o
LOAD ./Drivers/STM32F4xx_HAL_Driver/Src/stm32f4xx_hal_exti.o
LOAD ./Drivers/STM32F4xx_HAL_Driver/Src/stm32f4xx_hal_flash.o
LOAD ./Drivers/STM32F4xx_HAL_Driver/Src/stm32f4xx_hal_flash_ex.o
LOAD ./Drivers/STM32F4xx_HAL_Driver/Src/stm32f4xx_hal_flash_ramfunc.o
LOAD ./Drivers/STM32F4xx_HAL_Driver/Src/stm32f4xx_hal_gpio.o
LOAD ./Drivers/STM32F4xx_HAL_Driver/Src/stm32f4xx_hal_pwr.o
LOAD ./Drivers/STM32F4xx_HAL_Driver/Src/stm32f4xx_hal_pwr_ex.o
LOAD ./Drivers/STM32F4xx_HAL_Driver/Src/stm32f4xx_hal_rcc.o
LOAD ./Drivers/STM32F4xx_HAL_Driver/Src/stm32f4xx_hal_rcc_ex.o
LOAD ./Drivers/STM32F4xx_HAL_Driver/Src/stm32f4xx_hal_tim.o
LOAD ./Drivers/STM32F4xx_HAL_Driver/Src/stm32f4xx_hal_tim_ex.o
LOAD ./Drivers/STM32F4xx_HAL_Driver/Src/stm32f4xx_hal_uart.o
START GROUP
LOAD /opt/st/stm32cubeide_1.11.0/plugins/com.st.stm32cube.ide.mcu.externaltools.gnu-tools-for-stm32.10.3-2021.10.linux64_1.0.100.202210260954/tools/bin/../lib/gcc/arm-none-eabi/10.3.1/../../../../arm-none-eabi/lib/thumb/v7e-m+fp/hard/libc_nano.a
LOAD /opt/st/stm32cubeide_1.11.0/plugins/com.st.stm32cube.ide.mcu.externaltools.gnu-tools-for-stm32.10.3-2021.10.linux64_1.0.100.202210260954/tools/bin/../lib/gcc/arm-none-eabi/10.3.1/../../../../arm-none-eabi/lib/thumb/v7e-m+fp/hard/libm.a
END GROUP
START GROUP
LOAD /opt/st/stm32cubeide_1.11.0/plugins/com.st.stm32cube.ide.mcu.externaltools.gnu-tools-for-stm32.10.3-2021.10.linux64_1.0.100.202210260954/tools/bin/../lib/gcc/arm-none-eabi/10.3.1/thumb/v7e-m+fp/hard/libgcc.a
LOAD /opt/st/stm32cubeide_1.11.0/plugins/com.st.stm32cube.ide.mcu.externaltools.gnu-tools-for-stm32.10.3-2021.10.linux64_1.0.100.202210260954/tools/bin/../lib/gcc/arm-none-eabi/10.3.1/../../../../arm-none-eabi/lib/thumb/v7e-m+fp/hard/libc_nano.a
END GROUP
START GROUP
LOAD /opt/st/stm32cubeide_1.11.0/plugins/com.st.stm32cube.ide.mcu.externaltools.gnu-tools-for-stm32.10.3-2021.10.linux64_1.0.100.202210260954/tools/bin/../lib/gcc/arm-none-eabi/10.3.1/thumb/v7e-m+fp/hard/libgcc.a
LOAD /opt/st/stm32cubeide_1.11.0/plugins/com.st.stm32cube.ide.mcu.externaltools.gnu-tools-for-stm32.10.3-2021.10.linux64_1.0.100.202210260954/tools/bin/../lib/gcc/arm-none-eabi/10.3.1/../../../../arm-none-eabi/lib/thumb/v7e-m+fp/hard/libc_nano.a
LOAD /opt/st/stm32cubeide_1.11.0/plugins/com.st.stm32cube.ide.mcu.externaltools.gnu-tools-for-stm32.10.3-2021.10.linux64_1.0.100.202210260954/tools/bin/../lib/gcc/arm-none-eabi/10.3.1/../../../../arm-none-eabi/lib/thumb/v7e-m+fp/hard/libnosys.a
END GROUP
START GROUP
LOAD /opt/st/stm32cubeide_1.11.0/plugins/com.st.stm32cube.ide.mcu.externaltools.gnu-tools-for-stm32.10.3-2021.10.linux64_1.0.100.202210260954/tools/bin/../lib/gcc/arm-none-eabi/10.3.1/thumb/v7e-m+fp/hard/libgcc.a
LOAD /opt/st/stm32cubeide_1.11.0/plugins/com.st.stm32cube.ide.mcu.externaltools.gnu-tools-for-stm32.10.3-2021.10.linux64_1.0.100.202210260954/tools/bin/../lib/gcc/arm-none-eabi/10.3.1/../../../../arm-none-eabi/lib/thumb/v7e-m+fp/hard/libc_nano.a
LOAD /opt/st/stm32cubeide_1.11.0/plugins/com.st.stm32cube.ide.mcu.externaltools.gnu-tools-for-stm32.10.3-2021.10.linux64_1.0.100.202210260954/tools/bin/../lib/gcc/arm-none-eabi/10.3.1/../../../../arm-none-eabi/lib/thumb/v7e-m+fp/hard/libnosys.a
END GROUP
LOAD /opt/st/stm32cubeide_1.11.0/plugins/com.st.stm32cube.ide.mcu.externaltools.gnu-tools-for-stm32.10.3-2021.10.linux64_1.0.100.202210260954/tools/bin/../lib/gcc/arm-none-eabi/10.3.1/thumb/v7e-m+fp/hard/crtend.o
LOAD /opt/st/stm32cubeide_1.11.0/plugins/com.st.stm32cube.ide.mcu.externaltools.gnu-tools-for-stm32.10.3-2021.10.linux64_1.0.100.202210260954/tools/bin/../lib/gcc/arm-none-eabi/10.3.1/thumb/v7e-m+fp/hard/crtn.o
                0x0000000020020000                _estack = (ORIGIN (RAM) + LENGTH (RAM))
                0x0000000000000200                _Min_Heap_Size = 0x200
                0x0000000000000400                _Min_Stack_Size = 0x400

.isr_vector     0x0000000008000000      0x188
                0x0000000008000000                . = ALIGN (0x4)
 *(.isr_vector)
 .isr_vector    0x0000000008000000      0x188 ./Core/Startup/startup_stm32f407vgtx.o
                0x0000000008000000                g_pfnVectors
                0x0000000008000188                . = ALIGN (0x4)

.text           0x0000000008000188     0x4308
                0x0000000008000188                . = ALIGN (0x4)
 *(.text)
 .text          0x0000000008000188       0x40 /opt/st/stm32cubeide_1.11.0/plugins/com.st.stm32cube.ide.mcu.externaltools.gnu-tools-for-stm32.10.3-2021.10.linux64_1.0.100.202210260954/tools/bin/../lib/gcc/arm-none-eabi/10.3.1/thumb/v7e-m+fp/hard/crtbegin.o
 .text          0x00000000080001c8       0x30 /opt/st/stm32cubeide_1.11.0/plugins/com.st.stm32cube.ide.mcu.externaltools.gnu-tools-for-stm32.10.3-2021.10.linux64_1.0.100.202210260954/tools/bin/../lib/gcc/arm-none-eabi/10.3.1/thumb/v7e-m+fp/hard/libgcc.a(_aeabi_uldivmod.o)
                0x00000000080001c8                __aeabi_uldivmod
 .text          0x00000000080001f8      0x2d0 /opt/st/stm32cubeide_1.11.0/plugins/com.st.stm32cube.ide.mcu.externaltools.gnu-tools-for-stm32.10.3-2021.10.linux64_1.0.100.202210260954/tools/bin/../lib/gcc/arm-none-eabi/10.3.1/thumb/v7e-m+fp/hard/libgcc.a(_udivmoddi4.o)
                0x00000000080001f8                __udivmoddi4
 .text          0x00000000080004c8        0x4 /opt/st/stm32cubeide_1.11.0/plugins/com.st.stm32cube.ide.mcu.externaltools.gnu-tools-for-stm32.10.3-2021.10.linux64_1.0.100.202210260954/tools/bin/../lib/gcc/arm-none-eabi/10.3.1/thumb/v7e-m+fp/hard/libgcc.a(_dvmd_tls.o)
                0x00000000080004c8                __aeabi_ldiv0
                0x00000000080004c8                __aeabi_idiv0
 *(.text*)
 .text.MX_GPIO_Init
                0x00000000080004cc      0x160 ./Core/Src/gpio.o
                0x00000000080004cc                MX_GPIO_Init
 .text.main     0x000000000800062c       0x32 ./Core/Src/main.o
                0x000000000800062c                main
 *fill*         0x000000000800065e        0x2 
 .text.SystemClock_Config
                0x0000000008000660       0xd0 ./Core/Src/main.o
                0x0000000008000660                SystemClock_Config
 .text.SerialInit
                0x0000000008000730       0x1c ./Core/Src/main.o
                0x0000000008000730                SerialInit
 .text.SerialAcceptReceive
                0x000000000800074c       0x1c ./Core/Src/main.o
                0x000000000800074c                SerialAcceptReceive
 .text.HAL_UART_RxCpltCallback
                0x0000000008000768       0x24 ./Core/Src/main.o
                0x0000000008000768                HAL_UART_RxCpltCallback
 .text.Motor1Forward
                0x000000000800078c       0x24 ./Core/Src/main.o
                0x000000000800078c                Motor1Forward
 .text.Motor2Forward
                0x00000000080007b0       0x20 ./Core/Src/main.o
                0x00000000080007b0                Motor2Forward
 .text.MotorSetDuty
                0x00000000080007d0       0x44 ./Core/Src/main.o
                0x00000000080007d0                MotorSetDuty
 .text.MotorInit
                0x0000000008000814       0x6c ./Core/Src/main.o
                0x0000000008000814                MotorInit
 .text.MotorGetPulse
                0x0000000008000880       0x44 ./Core/Src/main.o
                0x0000000008000880                MotorGetPulse
 .text.HAL_TIM_PeriodElapsedCallback
                0x00000000080008c4       0x58 ./Core/Src/main.o
                0x00000000080008c4                HAL_TIM_PeriodElapsedCallback
 .text.Error_Handler
                0x000000000800091c        0xa ./Core/Src/main.o
                0x000000000800091c                Error_Handler
 *fill*         0x0000000008000926        0x2 
 .text.HAL_MspInit
                0x0000000008000928       0x50 ./Core/Src/stm32f4xx_hal_msp.o
                0x0000000008000928                HAL_MspInit
 .text.NMI_Handler
                0x0000000008000978        0x6 ./Core/Src/stm32f4xx_it.o
                0x0000000008000978                NMI_Handler
 .text.HardFault_Handler
                0x000000000800097e        0x6 ./Core/Src/stm32f4xx_it.o
                0x000000000800097e                HardFault_Handler
 .text.MemManage_Handler
                0x0000000008000984        0x6 ./Core/Src/stm32f4xx_it.o
                0x0000000008000984                MemManage_Handler
 .text.BusFault_Handler
                0x000000000800098a        0x6 ./Core/Src/stm32f4xx_it.o
                0x000000000800098a                BusFault_Handler
 .text.UsageFault_Handler
                0x0000000008000990        0x6 ./Core/Src/stm32f4xx_it.o
                0x0000000008000990                UsageFault_Handler
 .text.SVC_Handler
                0x0000000008000996        0xe ./Core/Src/stm32f4xx_it.o
                0x0000000008000996                SVC_Handler
 .text.DebugMon_Handler
                0x00000000080009a4        0xe ./Core/Src/stm32f4xx_it.o
                0x00000000080009a4                DebugMon_Handler
 .text.PendSV_Handler
                0x00000000080009b2        0xe ./Core/Src/stm32f4xx_it.o
                0x00000000080009b2                PendSV_Handler
 .text.SysTick_Handler
                0x00000000080009c0        0xc ./Core/Src/stm32f4xx_it.o
                0x00000000080009c0                SysTick_Handler
 .text.TIM2_IRQHandler
                0x00000000080009cc       0x14 ./Core/Src/stm32f4xx_it.o
                0x00000000080009cc                TIM2_IRQHandler
 .text.USART1_IRQHandler
                0x00000000080009e0       0x14 ./Core/Src/stm32f4xx_it.o
                0x00000000080009e0                USART1_IRQHandler
 .text.SystemInit
                0x00000000080009f4       0x24 ./Core/Src/system_stm32f4xx.o
                0x00000000080009f4                SystemInit
 .text.MX_TIM2_Init
                0x0000000008000a18       0x98 ./Core/Src/tim.o
                0x0000000008000a18                MX_TIM2_Init
 .text.MX_TIM3_Init
                0x0000000008000ab0       0xec ./Core/Src/tim.o
                0x0000000008000ab0                MX_TIM3_Init
 .text.MX_TIM4_Init
                0x0000000008000b9c       0xa8 ./Core/Src/tim.o
                0x0000000008000b9c                MX_TIM4_Init
 .text.MX_TIM5_Init
                0x0000000008000c44       0xec ./Core/Src/tim.o
                0x0000000008000c44                MX_TIM5_Init
 .text.MX_TIM8_Init
                0x0000000008000d30       0xb0 ./Core/Src/tim.o
                0x0000000008000d30                MX_TIM8_Init
 .text.HAL_TIM_Base_MspInit
                0x0000000008000de0       0xa4 ./Core/Src/tim.o
                0x0000000008000de0                HAL_TIM_Base_MspInit
 .text.HAL_TIM_Encoder_MspInit
                0x0000000008000e84       0xfc ./Core/Src/tim.o
                0x0000000008000e84                HAL_TIM_Encoder_MspInit
 .text.HAL_TIM_MspPostInit
                0x0000000008000f80       0xc0 ./Core/Src/tim.o
                0x0000000008000f80                HAL_TIM_MspPostInit
 .text.MX_USART1_UART_Init
                0x0000000008001040       0x54 ./Core/Src/usart.o
                0x0000000008001040                MX_USART1_UART_Init
 .text.HAL_UART_MspInit
                0x0000000008001094       0xa0 ./Core/Src/usart.o
                0x0000000008001094                HAL_UART_MspInit
 .text.Reset_Handler
                0x0000000008001134       0x50 ./Core/Startup/startup_stm32f407vgtx.o
                0x0000000008001134                Reset_Handler
 .text.Default_Handler
                0x0000000008001184        0x2 ./Core/Startup/startup_stm32f407vgtx.o
                0x0000000008001184                RTC_Alarm_IRQHandler
                0x0000000008001184                HASH_RNG_IRQHandler
                0x0000000008001184                EXTI2_IRQHandler
                0x0000000008001184                TIM8_CC_IRQHandler
                0x0000000008001184                TIM1_CC_IRQHandler
                0x0000000008001184                DMA2_Stream5_IRQHandler
                0x0000000008001184                DMA1_Stream5_IRQHandler
                0x0000000008001184                PVD_IRQHandler
                0x0000000008001184                SDIO_IRQHandler
                0x0000000008001184                TAMP_STAMP_IRQHandler
                0x0000000008001184                CAN2_RX1_IRQHandler
                0x0000000008001184                EXTI3_IRQHandler
                0x0000000008001184                TIM8_TRG_COM_TIM14_IRQHandler
                0x0000000008001184                TIM1_UP_TIM10_IRQHandler
                0x0000000008001184                TIM8_UP_TIM13_IRQHandler
                0x0000000008001184                I2C3_ER_IRQHandler
                0x0000000008001184                EXTI0_IRQHandler
                0x0000000008001184                I2C2_EV_IRQHandler
                0x0000000008001184                DMA1_Stream2_IRQHandler
                0x0000000008001184                CAN1_RX0_IRQHandler
                0x0000000008001184                FPU_IRQHandler
                0x0000000008001184                OTG_HS_WKUP_IRQHandler
                0x0000000008001184                CAN2_SCE_IRQHandler
                0x0000000008001184                DMA2_Stream2_IRQHandler
                0x0000000008001184                SPI1_IRQHandler
                0x0000000008001184                TIM6_DAC_IRQHandler
                0x0000000008001184                TIM1_BRK_TIM9_IRQHandler
                0x0000000008001184                DCMI_IRQHandler
                0x0000000008001184                CAN2_RX0_IRQHandler
                0x0000000008001184                DMA2_Stream3_IRQHandler
                0x0000000008001184                USART6_IRQHandler
                0x0000000008001184                USART3_IRQHandler
                0x0000000008001184                CAN1_RX1_IRQHandler
                0x0000000008001184                UART5_IRQHandler
                0x0000000008001184                DMA2_Stream0_IRQHandler
                0x0000000008001184                TIM4_IRQHandler
                0x0000000008001184                I2C1_EV_IRQHandler
                0x0000000008001184                DMA1_Stream6_IRQHandler
                0x0000000008001184                DMA1_Stream1_IRQHandler
                0x0000000008001184                UART4_IRQHandler
                0x0000000008001184                TIM3_IRQHandler
                0x0000000008001184                RCC_IRQHandler
                0x0000000008001184                TIM8_BRK_TIM12_IRQHandler
                0x0000000008001184                Default_Handler
                0x0000000008001184                EXTI15_10_IRQHandler
                0x0000000008001184                ADC_IRQHandler
                0x0000000008001184                DMA1_Stream7_IRQHandler
                0x0000000008001184                TIM7_IRQHandler
                0x0000000008001184                CAN2_TX_IRQHandler
                0x0000000008001184                TIM5_IRQHandler
                0x0000000008001184                DMA2_Stream7_IRQHandler
                0x0000000008001184                I2C3_EV_IRQHandler
                0x0000000008001184                EXTI9_5_IRQHandler
                0x0000000008001184                RTC_WKUP_IRQHandler
                0x0000000008001184                ETH_WKUP_IRQHandler
                0x0000000008001184                SPI2_IRQHandler
                0x0000000008001184                OTG_HS_EP1_IN_IRQHandler
                0x0000000008001184                DMA1_Stream0_IRQHandler
                0x0000000008001184                CAN1_TX_IRQHandler
                0x0000000008001184                EXTI4_IRQHandler
                0x0000000008001184                FSMC_IRQHandler
                0x0000000008001184                ETH_IRQHandler
                0x0000000008001184                OTG_HS_EP1_OUT_IRQHandler
                0x0000000008001184                WWDG_IRQHandler
                0x0000000008001184                OTG_FS_WKUP_IRQHandler
                0x0000000008001184                TIM1_TRG_COM_TIM11_IRQHandler
                0x0000000008001184                OTG_HS_IRQHandler
                0x0000000008001184                EXTI1_IRQHandler
                0x0000000008001184                USART2_IRQHandler
                0x0000000008001184                I2C2_ER_IRQHandler
                0x0000000008001184                DMA2_Stream1_IRQHandler
                0x0000000008001184                CAN1_SCE_IRQHandler
                0x0000000008001184                FLASH_IRQHandler
                0x0000000008001184                DMA2_Stream4_IRQHandler
                0x0000000008001184                OTG_FS_IRQHandler
                0x0000000008001184                SPI3_IRQHandler
                0x0000000008001184                DMA1_Stream4_IRQHandler
                0x0000000008001184                I2C1_ER_IRQHandler
                0x0000000008001184                DMA2_Stream6_IRQHandler
                0x0000000008001184                DMA1_Stream3_IRQHandler
 *fill*         0x0000000008001186        0x2 
 .text.HAL_Init
                0x0000000008001188       0x44 ./Drivers/STM32F4xx_HAL_Driver/Src/stm32f4xx_hal.o
                0x0000000008001188                HAL_Init
 .text.HAL_InitTick
                0x00000000080011cc       0x60 ./Drivers/STM32F4xx_HAL_Driver/Src/stm32f4xx_hal.o
                0x00000000080011cc                HAL_InitTick
 .text.HAL_IncTick
                0x000000000800122c       0x28 ./Drivers/STM32F4xx_HAL_Driver/Src/stm32f4xx_hal.o
                0x000000000800122c                HAL_IncTick
 .text.HAL_GetTick
                0x0000000008001254       0x18 ./Drivers/STM32F4xx_HAL_Driver/Src/stm32f4xx_hal.o
                0x0000000008001254                HAL_GetTick
 .text.__NVIC_SetPriorityGrouping
                0x000000000800126c       0x48 ./Drivers/STM32F4xx_HAL_Driver/Src/stm32f4xx_hal_cortex.o
 .text.__NVIC_GetPriorityGrouping
                0x00000000080012b4       0x1c ./Drivers/STM32F4xx_HAL_Driver/Src/stm32f4xx_hal_cortex.o
 .text.__NVIC_EnableIRQ
                0x00000000080012d0       0x3c ./Drivers/STM32F4xx_HAL_Driver/Src/stm32f4xx_hal_cortex.o
 .text.__NVIC_SetPriority
                0x000000000800130c       0x54 ./Drivers/STM32F4xx_HAL_Driver/Src/stm32f4xx_hal_cortex.o
 .text.NVIC_EncodePriority
                0x0000000008001360       0x66 ./Drivers/STM32F4xx_HAL_Driver/Src/stm32f4xx_hal_cortex.o
 *fill*         0x00000000080013c6        0x2 
 .text.SysTick_Config
                0x00000000080013c8       0x44 ./Drivers/STM32F4xx_HAL_Driver/Src/stm32f4xx_hal_cortex.o
 .text.HAL_NVIC_SetPriorityGrouping
                0x000000000800140c       0x16 ./Drivers/STM32F4xx_HAL_Driver/Src/stm32f4xx_hal_cortex.o
                0x000000000800140c                HAL_NVIC_SetPriorityGrouping
 .text.HAL_NVIC_SetPriority
                0x0000000008001422       0x38 ./Drivers/STM32F4xx_HAL_Driver/Src/stm32f4xx_hal_cortex.o
                0x0000000008001422                HAL_NVIC_SetPriority
 .text.HAL_NVIC_EnableIRQ
                0x000000000800145a       0x1c ./Drivers/STM32F4xx_HAL_Driver/Src/stm32f4xx_hal_cortex.o
                0x000000000800145a                HAL_NVIC_EnableIRQ
 .text.HAL_SYSTICK_Config
                0x0000000008001476       0x18 ./Drivers/STM32F4xx_HAL_Driver/Src/stm32f4xx_hal_cortex.o
                0x0000000008001476                HAL_SYSTICK_Config
 .text.HAL_DMA_Abort
                0x000000000800148e       0xe0 ./Drivers/STM32F4xx_HAL_Driver/Src/stm32f4xx_hal_dma.o
                0x000000000800148e                HAL_DMA_Abort
 .text.HAL_DMA_Abort_IT
                0x000000000800156e       0x44 ./Drivers/STM32F4xx_HAL_Driver/Src/stm32f4xx_hal_dma.o
                0x000000000800156e                HAL_DMA_Abort_IT
 *fill*         0x00000000080015b2        0x2 
 .text.HAL_GPIO_Init
                0x00000000080015b4      0x338 ./Drivers/STM32F4xx_HAL_Driver/Src/stm32f4xx_hal_gpio.o
                0x00000000080015b4                HAL_GPIO_Init
 .text.HAL_GPIO_WritePin
                0x00000000080018ec       0x32 ./Drivers/STM32F4xx_HAL_Driver/Src/stm32f4xx_hal_gpio.o
                0x00000000080018ec                HAL_GPIO_WritePin
 *fill*         0x000000000800191e        0x2 
 .text.HAL_RCC_OscConfig
                0x0000000008001920      0x4f0 ./Drivers/STM32F4xx_HAL_Driver/Src/stm32f4xx_hal_rcc.o
                0x0000000008001920                HAL_RCC_OscConfig
 .text.HAL_RCC_ClockConfig
                0x0000000008001e10      0x1cc ./Drivers/STM32F4xx_HAL_Driver/Src/stm32f4xx_hal_rcc.o
                0x0000000008001e10                HAL_RCC_ClockConfig
 .text.HAL_RCC_GetSysClockFreq
                0x0000000008001fdc      0x20c ./Drivers/STM32F4xx_HAL_Driver/Src/stm32f4xx_hal_rcc.o
                0x0000000008001fdc                HAL_RCC_GetSysClockFreq
 .text.HAL_RCC_GetHCLKFreq
                0x00000000080021e8       0x18 ./Drivers/STM32F4xx_HAL_Driver/Src/stm32f4xx_hal_rcc.o
                0x00000000080021e8                HAL_RCC_GetHCLKFreq
 .text.HAL_RCC_GetPCLK1Freq
                0x0000000008002200       0x28 ./Drivers/STM32F4xx_HAL_Driver/Src/stm32f4xx_hal_rcc.o
                0x0000000008002200                HAL_RCC_GetPCLK1Freq
 .text.HAL_RCC_GetPCLK2Freq
                0x0000000008002228       0x28 ./Drivers/STM32F4xx_HAL_Driver/Src/stm32f4xx_hal_rcc.o
                0x0000000008002228                HAL_RCC_GetPCLK2Freq
 .text.HAL_TIM_Base_Init
                0x0000000008002250       0x9e ./Drivers/STM32F4xx_HAL_Driver/Src/stm32f4xx_hal_tim.o
                0x0000000008002250                HAL_TIM_Base_Init
 *fill*         0x00000000080022ee        0x2 
 .text.HAL_TIM_Base_Start_IT
                0x00000000080022f0       0xe0 ./Drivers/STM32F4xx_HAL_Driver/Src/stm32f4xx_hal_tim.o
                0x00000000080022f0                HAL_TIM_Base_Start_IT
 .text.HAL_TIM_PWM_Init
                0x00000000080023d0       0x9e ./Drivers/STM32F4xx_HAL_Driver/Src/stm32f4xx_hal_tim.o
                0x00000000080023d0                HAL_TIM_PWM_Init
 .text.HAL_TIM_PWM_MspInit
                0x000000000800246e       0x14 ./Drivers/STM32F4xx_HAL_Driver/Src/stm32f4xx_hal_tim.o
                0x000000000800246e                HAL_TIM_PWM_MspInit
 *fill*         0x0000000008002482        0x2 
 .text.HAL_TIM_PWM_Start
                0x0000000008002484      0x190 ./Drivers/STM32F4xx_HAL_Driver/Src/stm32f4xx_hal_tim.o
                0x0000000008002484                HAL_TIM_PWM_Start
 .text.HAL_TIM_Encoder_Init
                0x0000000008002614      0x14c ./Drivers/STM32F4xx_HAL_Driver/Src/stm32f4xx_hal_tim.o
                0x0000000008002614                HAL_TIM_Encoder_Init
 .text.HAL_TIM_Encoder_Start
                0x0000000008002760      0x11c ./Drivers/STM32F4xx_HAL_Driver/Src/stm32f4xx_hal_tim.o
                0x0000000008002760                HAL_TIM_Encoder_Start
 .text.HAL_TIM_IRQHandler
                0x000000000800287c      0x210 ./Drivers/STM32F4xx_HAL_Driver/Src/stm32f4xx_hal_tim.o
                0x000000000800287c                HAL_TIM_IRQHandler
 .text.HAL_TIM_PWM_ConfigChannel
                0x0000000008002a8c      0x184 ./Drivers/STM32F4xx_HAL_Driver/Src/stm32f4xx_hal_tim.o
                0x0000000008002a8c                HAL_TIM_PWM_ConfigChannel
 .text.HAL_TIM_ConfigClockSource
                0x0000000008002c10      0x18e ./Drivers/STM32F4xx_HAL_Driver/Src/stm32f4xx_hal_tim.o
                0x0000000008002c10                HAL_TIM_ConfigClockSource
 .text.HAL_TIM_OC_DelayElapsedCallback
                0x0000000008002d9e       0x14 ./Drivers/STM32F4xx_HAL_Driver/Src/stm32f4xx_hal_tim.o
                0x0000000008002d9e                HAL_TIM_OC_DelayElapsedCallback
 .text.HAL_TIM_IC_CaptureCallback
                0x0000000008002db2       0x14 ./Drivers/STM32F4xx_HAL_Driver/Src/stm32f4xx_hal_tim.o
                0x0000000008002db2                HAL_TIM_IC_CaptureCallback
 .text.HAL_TIM_PWM_PulseFinishedCallback
                0x0000000008002dc6       0x14 ./Drivers/STM32F4xx_HAL_Driver/Src/stm32f4xx_hal_tim.o
                0x0000000008002dc6                HAL_TIM_PWM_PulseFinishedCallback
 .text.HAL_TIM_TriggerCallback
                0x0000000008002dda       0x14 ./Drivers/STM32F4xx_HAL_Driver/Src/stm32f4xx_hal_tim.o
                0x0000000008002dda                HAL_TIM_TriggerCallback
 *fill*         0x0000000008002dee        0x2 
 .text.TIM_Base_SetConfig
                0x0000000008002df0      0x140 ./Drivers/STM32F4xx_HAL_Driver/Src/stm32f4xx_hal_tim.o
                0x0000000008002df0                TIM_Base_SetConfig
 .text.TIM_OC1_SetConfig
                0x0000000008002f30       0xe0 ./Drivers/STM32F4xx_HAL_Driver/Src/stm32f4xx_hal_tim.o
 .text.TIM_OC2_SetConfig
                0x0000000008003010       0xec ./Drivers/STM32F4xx_HAL_Driver/Src/stm32f4xx_hal_tim.o
                0x0000000008003010                TIM_OC2_SetConfig
 .text.TIM_OC3_SetConfig
                0x00000000080030fc       0xe8 ./Drivers/STM32F4xx_HAL_Driver/Src/stm32f4xx_hal_tim.o
 .text.TIM_OC4_SetConfig
                0x00000000080031e4       0xac ./Drivers/STM32F4xx_HAL_Driver/Src/stm32f4xx_hal_tim.o
 .text.TIM_TI1_ConfigInputStage
                0x0000000008003290       0x5e ./Drivers/STM32F4xx_HAL_Driver/Src/stm32f4xx_hal_tim.o
 .text.TIM_TI2_ConfigInputStage
                0x00000000080032ee       0x60 ./Drivers/STM32F4xx_HAL_Driver/Src/stm32f4xx_hal_tim.o
 .text.TIM_ITRx_SetConfig
                0x000000000800334e       0x36 ./Drivers/STM32F4xx_HAL_Driver/Src/stm32f4xx_hal_tim.o
 .text.TIM_ETR_SetConfig
                0x0000000008003384       0x40 ./Drivers/STM32F4xx_HAL_Driver/Src/stm32f4xx_hal_tim.o
                0x0000000008003384                TIM_ETR_SetConfig
 .text.TIM_CCxChannelCmd
                0x00000000080033c4       0x4a ./Drivers/STM32F4xx_HAL_Driver/Src/stm32f4xx_hal_tim.o
                0x00000000080033c4                TIM_CCxChannelCmd
 *fill*         0x000000000800340e        0x2 
 .text.HAL_TIMEx_MasterConfigSynchronization
                0x0000000008003410       0xf8 ./Drivers/STM32F4xx_HAL_Driver/Src/stm32f4xx_hal_tim_ex.o
                0x0000000008003410                HAL_TIMEx_MasterConfigSynchronization
 .text.HAL_TIMEx_CommutCallback
                0x0000000008003508       0x14 ./Drivers/STM32F4xx_HAL_Driver/Src/stm32f4xx_hal_tim_ex.o
                0x0000000008003508                HAL_TIMEx_CommutCallback
 .text.HAL_TIMEx_BreakCallback
                0x000000000800351c       0x14 ./Drivers/STM32F4xx_HAL_Driver/Src/stm32f4xx_hal_tim_ex.o
                0x000000000800351c                HAL_TIMEx_BreakCallback
 .text.HAL_UART_Init
                0x0000000008003530       0x9a ./Drivers/STM32F4xx_HAL_Driver/Src/stm32f4xx_hal_uart.o
                0x0000000008003530                HAL_UART_Init
 .text.HAL_UART_Receive_IT
                0x00000000080035ca       0x60 ./Drivers/STM32F4xx_HAL_Driver/Src/stm32f4xx_hal_uart.o
                0x00000000080035ca                HAL_UART_Receive_IT
 *fill*         0x000000000800362a        0x2 
 .text.HAL_UART_IRQHandler
                0x000000000800362c      0x51c ./Drivers/STM32F4xx_HAL_Driver/Src/stm32f4xx_hal_uart.o
                0x000000000800362c                HAL_UART_IRQHandler
 .text.HAL_UART_TxCpltCallback
                0x0000000008003b48       0x14 ./Drivers/STM32F4xx_HAL_Driver/Src/stm32f4xx_hal_uart.o
                0x0000000008003b48                HAL_UART_TxCpltCallback
 .text.HAL_UART_ErrorCallback
                0x0000000008003b5c       0x14 ./Drivers/STM32F4xx_HAL_Driver/Src/stm32f4xx_hal_uart.o
                0x0000000008003b5c                HAL_UART_ErrorCallback
 .text.HAL_UARTEx_RxEventCallback
                0x0000000008003b70       0x18 ./Drivers/STM32F4xx_HAL_Driver/Src/stm32f4xx_hal_uart.o
                0x0000000008003b70                HAL_UARTEx_RxEventCallback
 .text.UART_Start_Receive_IT
                0x0000000008003b88       0x7c ./Drivers/STM32F4xx_HAL_Driver/Src/stm32f4xx_hal_uart.o
                0x0000000008003b88                UART_Start_Receive_IT
 .text.UART_EndRxTransfer
                0x0000000008003c04       0xc6 ./Drivers/STM32F4xx_HAL_Driver/Src/stm32f4xx_hal_uart.o
 .text.UART_DMAAbortOnError
                0x0000000008003cca       0x28 ./Drivers/STM32F4xx_HAL_Driver/Src/stm32f4xx_hal_uart.o
 .text.UART_Transmit_IT
                0x0000000008003cf2       0xa0 ./Drivers/STM32F4xx_HAL_Driver/Src/stm32f4xx_hal_uart.o
 .text.UART_EndTransmit_IT
                0x0000000008003d92       0x30 ./Drivers/STM32F4xx_HAL_Driver/Src/stm32f4xx_hal_uart.o
 .text.UART_Receive_IT
                0x0000000008003dc2      0x176 ./Drivers/STM32F4xx_HAL_Driver/Src/stm32f4xx_hal_uart.o
 .text.UART_SetConfig
                0x0000000008003f38      0x4e8 ./Drivers/STM32F4xx_HAL_Driver/Src/stm32f4xx_hal_uart.o
 .text.__libc_init_array
                0x0000000008004420       0x48 /opt/st/stm32cubeide_1.11.0/plugins/com.st.stm32cube.ide.mcu.externaltools.gnu-tools-for-stm32.10.3-2021.10.linux64_1.0.100.202210260954/tools/bin/../lib/gcc/arm-none-eabi/10.3.1/../../../../arm-none-eabi/lib/thumb/v7e-m+fp/hard/libc_nano.a(lib_a-init.o)
                0x0000000008004420                __libc_init_array
 .text.memset   0x0000000008004468       0x10 /opt/st/stm32cubeide_1.11.0/plugins/com.st.stm32cube.ide.mcu.externaltools.gnu-tools-for-stm32.10.3-2021.10.linux64_1.0.100.202210260954/tools/bin/../lib/gcc/arm-none-eabi/10.3.1/../../../../arm-none-eabi/lib/thumb/v7e-m+fp/hard/libc_nano.a(lib_a-memset.o)
                0x0000000008004468                memset
 *(.glue_7)
 .glue_7        0x0000000008004478        0x0 linker stubs
 *(.glue_7t)
 .glue_7t       0x0000000008004478        0x0 linker stubs
 *(.eh_frame)
 .eh_frame      0x0000000008004478        0x0 /opt/st/stm32cubeide_1.11.0/plugins/com.st.stm32cube.ide.mcu.externaltools.gnu-tools-for-stm32.10.3-2021.10.linux64_1.0.100.202210260954/tools/bin/../lib/gcc/arm-none-eabi/10.3.1/thumb/v7e-m+fp/hard/crtbegin.o
 *(.init)
 .init          0x0000000008004478        0x4 /opt/st/stm32cubeide_1.11.0/plugins/com.st.stm32cube.ide.mcu.externaltools.gnu-tools-for-stm32.10.3-2021.10.linux64_1.0.100.202210260954/tools/bin/../lib/gcc/arm-none-eabi/10.3.1/thumb/v7e-m+fp/hard/crti.o
                0x0000000008004478                _init
 .init          0x000000000800447c        0x8 /opt/st/stm32cubeide_1.11.0/plugins/com.st.stm32cube.ide.mcu.externaltools.gnu-tools-for-stm32.10.3-2021.10.linux64_1.0.100.202210260954/tools/bin/../lib/gcc/arm-none-eabi/10.3.1/thumb/v7e-m+fp/hard/crtn.o
 *(.fini)
 .fini          0x0000000008004484        0x4 /opt/st/stm32cubeide_1.11.0/plugins/com.st.stm32cube.ide.mcu.externaltools.gnu-tools-for-stm32.10.3-2021.10.linux64_1.0.100.202210260954/tools/bin/../lib/gcc/arm-none-eabi/10.3.1/thumb/v7e-m+fp/hard/crti.o
                0x0000000008004484                _fini
 .fini          0x0000000008004488        0x8 /opt/st/stm32cubeide_1.11.0/plugins/com.st.stm32cube.ide.mcu.externaltools.gnu-tools-for-stm32.10.3-2021.10.linux64_1.0.100.202210260954/tools/bin/../lib/gcc/arm-none-eabi/10.3.1/thumb/v7e-m+fp/hard/crtn.o
                0x0000000008004490                . = ALIGN (0x4)
                0x0000000008004490                _etext = .

.vfp11_veneer   0x0000000008004490        0x0
 .vfp11_veneer  0x0000000008004490        0x0 linker stubs

.v4_bx          0x0000000008004490        0x0
 .v4_bx         0x0000000008004490        0x0 linker stubs

.iplt           0x0000000008004490        0x0
 .iplt          0x0000000008004490        0x0 /opt/st/stm32cubeide_1.11.0/plugins/com.st.stm32cube.ide.mcu.externaltools.gnu-tools-for-stm32.10.3-2021.10.linux64_1.0.100.202210260954/tools/bin/../lib/gcc/arm-none-eabi/10.3.1/thumb/v7e-m+fp/hard/crtbegin.o

.rodata         0x0000000008004490       0x18
                0x0000000008004490                . = ALIGN (0x4)
 *(.rodata)
 *(.rodata*)
 .rodata.AHBPrescTable
                0x0000000008004490       0x10 ./Core/Src/system_stm32f4xx.o
                0x0000000008004490                AHBPrescTable
 .rodata.APBPrescTable
                0x00000000080044a0        0x8 ./Core/Src/system_stm32f4xx.o
                0x00000000080044a0                APBPrescTable
                0x00000000080044a8                . = ALIGN (0x4)

.ARM.extab      0x00000000080044a8        0x0
                0x00000000080044a8                . = ALIGN (0x4)
 *(.ARM.extab* .gnu.linkonce.armextab.*)
                0x00000000080044a8                . = ALIGN (0x4)

.ARM            0x00000000080044a8        0x8
                0x00000000080044a8                . = ALIGN (0x4)
                0x00000000080044a8                __exidx_start = .
 *(.ARM.exidx*)
 .ARM.exidx     0x00000000080044a8        0x8 /opt/st/stm32cubeide_1.11.0/plugins/com.st.stm32cube.ide.mcu.externaltools.gnu-tools-for-stm32.10.3-2021.10.linux64_1.0.100.202210260954/tools/bin/../lib/gcc/arm-none-eabi/10.3.1/thumb/v7e-m+fp/hard/libgcc.a(_udivmoddi4.o)
                0x00000000080044b0                __exidx_end = .
                0x00000000080044b0                . = ALIGN (0x4)

.rel.dyn        0x00000000080044b0        0x0
 .rel.iplt      0x00000000080044b0        0x0 /opt/st/stm32cubeide_1.11.0/plugins/com.st.stm32cube.ide.mcu.externaltools.gnu-tools-for-stm32.10.3-2021.10.linux64_1.0.100.202210260954/tools/bin/../lib/gcc/arm-none-eabi/10.3.1/thumb/v7e-m+fp/hard/crtbegin.o

.preinit_array  0x00000000080044b0        0x0
                0x00000000080044b0                . = ALIGN (0x4)
                0x00000000080044b0                PROVIDE (__preinit_array_start = .)
 *(.preinit_array*)
                0x00000000080044b0                PROVIDE (__preinit_array_end = .)
                0x00000000080044b0                . = ALIGN (0x4)

.init_array     0x00000000080044b0        0x4
                0x00000000080044b0                . = ALIGN (0x4)
                0x00000000080044b0                PROVIDE (__init_array_start = .)
 *(SORT_BY_NAME(.init_array.*))
 *(.init_array*)
 .init_array    0x00000000080044b0        0x4 /opt/st/stm32cubeide_1.11.0/plugins/com.st.stm32cube.ide.mcu.externaltools.gnu-tools-for-stm32.10.3-2021.10.linux64_1.0.100.202210260954/tools/bin/../lib/gcc/arm-none-eabi/10.3.1/thumb/v7e-m+fp/hard/crtbegin.o
                0x00000000080044b4                PROVIDE (__init_array_end = .)
                0x00000000080044b4                . = ALIGN (0x4)

.fini_array     0x00000000080044b4        0x4
                0x00000000080044b4                . = ALIGN (0x4)
                [!provide]                        PROVIDE (__fini_array_start = .)
 *(SORT_BY_NAME(.fini_array.*))
 *(.fini_array*)
 .fini_array    0x00000000080044b4        0x4 /opt/st/stm32cubeide_1.11.0/plugins/com.st.stm32cube.ide.mcu.externaltools.gnu-tools-for-stm32.10.3-2021.10.linux64_1.0.100.202210260954/tools/bin/../lib/gcc/arm-none-eabi/10.3.1/thumb/v7e-m+fp/hard/crtbegin.o
                [!provide]                        PROVIDE (__fini_array_end = .)
                0x00000000080044b8                . = ALIGN (0x4)
                0x00000000080044b8                _sidata = LOADADDR (.data)

.data           0x0000000020000000        0xc load address 0x00000000080044b8
                0x0000000020000000                . = ALIGN (0x4)
                0x0000000020000000                _sdata = .
 *(.data)
 *(.data*)
 .data.SystemCoreClock
                0x0000000020000000        0x4 ./Core/Src/system_stm32f4xx.o
                0x0000000020000000                SystemCoreClock
 .data.uwTickPrio
                0x0000000020000004        0x4 ./Drivers/STM32F4xx_HAL_Driver/Src/stm32f4xx_hal.o
                0x0000000020000004                uwTickPrio
 .data.uwTickFreq
                0x0000000020000008        0x1 ./Drivers/STM32F4xx_HAL_Driver/Src/stm32f4xx_hal.o
                0x0000000020000008                uwTickFreq
 *(.RamFunc)
 *(.RamFunc*)
                0x000000002000000c                . = ALIGN (0x4)
 *fill*         0x0000000020000009        0x3 
                0x000000002000000c                _edata = .
                0x00000000080044c4                _siccmram = LOADADDR (.ccmram)

.igot.plt       0x000000002000000c        0x0 load address 0x00000000080044c4
 .igot.plt      0x000000002000000c        0x0 /opt/st/stm32cubeide_1.11.0/plugins/com.st.stm32cube.ide.mcu.externaltools.gnu-tools-for-stm32.10.3-2021.10.linux64_1.0.100.202210260954/tools/bin/../lib/gcc/arm-none-eabi/10.3.1/thumb/v7e-m+fp/hard/crtbegin.o

.ccmram         0x0000000010000000        0x0 load address 0x00000000080044c4
                0x0000000010000000                . = ALIGN (0x4)
                0x0000000010000000                _sccmram = .
 *(.ccmram)
 *(.ccmram*)
                0x0000000010000000                . = ALIGN (0x4)
                0x0000000010000000                _eccmram = .
                0x0000000010000000                . = ALIGN (0x4)

.bss            0x000000002000000c      0x1dc
                0x000000002000000c                _sbss = .
                0x000000002000000c                __bss_start__ = _sbss
 *(.bss)
 .bss           0x000000002000000c       0x1c /opt/st/stm32cubeide_1.11.0/plugins/com.st.stm32cube.ide.mcu.externaltools.gnu-tools-for-stm32.10.3-2021.10.linux64_1.0.100.202210260954/tools/bin/../lib/gcc/arm-none-eabi/10.3.1/thumb/v7e-m+fp/hard/crtbegin.o
 *(.bss*)
 .bss.dataBuffer
                0x0000000020000028        0x5 ./Core/Src/main.o
                0x0000000020000028                dataBuffer
 *fill*         0x000000002000002d        0x3 
 .bss.nPulse1_test
                0x0000000020000030        0x4 ./Core/Src/main.o
                0x0000000020000030                nPulse1_test
 .bss.nPulse2_test
                0x0000000020000034        0x4 ./Core/Src/main.o
                0x0000000020000034                nPulse2_test
 .bss.htim2     0x0000000020000038       0x48 ./Core/Src/tim.o
                0x0000000020000038                htim2
 .bss.htim3     0x0000000020000080       0x48 ./Core/Src/tim.o
                0x0000000020000080                htim3
 .bss.htim4     0x00000000200000c8       0x48 ./Core/Src/tim.o
                0x00000000200000c8                htim4
 .bss.htim5     0x0000000020000110       0x48 ./Core/Src/tim.o
                0x0000000020000110                htim5
 .bss.htim8     0x0000000020000158       0x48 ./Core/Src/tim.o
                0x0000000020000158                htim8
 .bss.huart1    0x00000000200001a0       0x44 ./Core/Src/usart.o
                0x00000000200001a0                huart1
 .bss.uwTick    0x00000000200001e4        0x4 ./Drivers/STM32F4xx_HAL_Driver/Src/stm32f4xx_hal.o
                0x00000000200001e4                uwTick
 *(COMMON)
                0x00000000200001e8                . = ALIGN (0x4)
                0x00000000200001e8                _ebss = .
                0x00000000200001e8                __bss_end__ = _ebss

._user_heap_stack
                0x00000000200001e8      0x600
                0x00000000200001e8                . = ALIGN (0x8)
                [!provide]                        PROVIDE (end = .)
                0x00000000200001e8                PROVIDE (_end = .)
                0x00000000200003e8                . = (. + _Min_Heap_Size)
 *fill*         0x00000000200001e8      0x200 
                0x00000000200007e8                . = (. + _Min_Stack_Size)
 *fill*         0x00000000200003e8      0x400 
                0x00000000200007e8                . = ALIGN (0x8)

/DISCARD/
 libc.a(*)
 libm.a(*)
 libgcc.a(*)

.ARM.attributes
                0x0000000000000000       0x30
 *(.ARM.attributes)
 .ARM.attributes
                0x0000000000000000       0x1e /opt/st/stm32cubeide_1.11.0/plugins/com.st.stm32cube.ide.mcu.externaltools.gnu-tools-for-stm32.10.3-2021.10.linux64_1.0.100.202210260954/tools/bin/../lib/gcc/arm-none-eabi/10.3.1/thumb/v7e-m+fp/hard/crti.o
 .ARM.attributes
                0x000000000000001e       0x34 /opt/st/stm32cubeide_1.11.0/plugins/com.st.stm32cube.ide.mcu.externaltools.gnu-tools-for-stm32.10.3-2021.10.linux64_1.0.100.202210260954/tools/bin/../lib/gcc/arm-none-eabi/10.3.1/thumb/v7e-m+fp/hard/crtbegin.o
 .ARM.attributes
                0x0000000000000052       0x34 ./Core/Src/gpio.o
 .ARM.attributes
                0x0000000000000086       0x34 ./Core/Src/main.o
 .ARM.attributes
                0x00000000000000ba       0x34 ./Core/Src/stm32f4xx_hal_msp.o
 .ARM.attributes
                0x00000000000000ee       0x34 ./Core/Src/stm32f4xx_it.o
 .ARM.attributes
                0x0000000000000122       0x34 ./Core/Src/system_stm32f4xx.o
 .ARM.attributes
                0x0000000000000156       0x34 ./Core/Src/tim.o
 .ARM.attributes
                0x000000000000018a       0x34 ./Core/Src/usart.o
 .ARM.attributes
                0x00000000000001be       0x21 ./Core/Startup/startup_stm32f407vgtx.o
 .ARM.attributes
                0x00000000000001df       0x34 ./Drivers/STM32F4xx_HAL_Driver/Src/stm32f4xx_hal.o
 .ARM.attributes
                0x0000000000000213       0x34 ./Drivers/STM32F4xx_HAL_Driver/Src/stm32f4xx_hal_cortex.o
 .ARM.attributes
                0x0000000000000247       0x34 ./Drivers/STM32F4xx_HAL_Driver/Src/stm32f4xx_hal_dma.o
 .ARM.attributes
                0x000000000000027b       0x34 ./Drivers/STM32F4xx_HAL_Driver/Src/stm32f4xx_hal_gpio.o
 .ARM.attributes
                0x00000000000002af       0x34 ./Drivers/STM32F4xx_HAL_Driver/Src/stm32f4xx_hal_rcc.o
 .ARM.attributes
                0x00000000000002e3       0x34 ./Drivers/STM32F4xx_HAL_Driver/Src/stm32f4xx_hal_tim.o
 .ARM.attributes
                0x0000000000000317       0x34 ./Drivers/STM32F4xx_HAL_Driver/Src/stm32f4xx_hal_tim_ex.o
 .ARM.attributes
                0x000000000000034b       0x34 ./Drivers/STM32F4xx_HAL_Driver/Src/stm32f4xx_hal_uart.o
 .ARM.attributes
                0x000000000000037f       0x34 /opt/st/stm32cubeide_1.11.0/plugins/com.st.stm32cube.ide.mcu.externaltools.gnu-tools-for-stm32.10.3-2021.10.linux64_1.0.100.202210260954/tools/bin/../lib/gcc/arm-none-eabi/10.3.1/../../../../arm-none-eabi/lib/thumb/v7e-m+fp/hard/libc_nano.a(lib_a-init.o)
 .ARM.attributes
                0x00000000000003b3       0x34 /opt/st/stm32cubeide_1.11.0/plugins/com.st.stm32cube.ide.mcu.externaltools.gnu-tools-for-stm32.10.3-2021.10.linux64_1.0.100.202210260954/tools/bin/../lib/gcc/arm-none-eabi/10.3.1/../../../../arm-none-eabi/lib/thumb/v7e-m+fp/hard/libc_nano.a(lib_a-memset.o)
 .ARM.attributes
                0x00000000000003e7       0x1e /opt/st/stm32cubeide_1.11.0/plugins/com.st.stm32cube.ide.mcu.externaltools.gnu-tools-for-stm32.10.3-2021.10.linux64_1.0.100.202210260954/tools/bin/../lib/gcc/arm-none-eabi/10.3.1/thumb/v7e-m+fp/hard/libgcc.a(_aeabi_uldivmod.o)
 .ARM.attributes
                0x0000000000000405       0x34 /opt/st/stm32cubeide_1.11.0/plugins/com.st.stm32cube.ide.mcu.externaltools.gnu-tools-for-stm32.10.3-2021.10.linux64_1.0.100.202210260954/tools/bin/../lib/gcc/arm-none-eabi/10.3.1/thumb/v7e-m+fp/hard/libgcc.a(_udivmoddi4.o)
 .ARM.attributes
                0x0000000000000439       0x1e /opt/st/stm32cubeide_1.11.0/plugins/com.st.stm32cube.ide.mcu.externaltools.gnu-tools-for-stm32.10.3-2021.10.linux64_1.0.100.202210260954/tools/bin/../lib/gcc/arm-none-eabi/10.3.1/thumb/v7e-m+fp/hard/libgcc.a(_dvmd_tls.o)
 .ARM.attributes
                0x0000000000000457       0x1e /opt/st/stm32cubeide_1.11.0/plugins/com.st.stm32cube.ide.mcu.externaltools.gnu-tools-for-stm32.10.3-2021.10.linux64_1.0.100.202210260954/tools/bin/../lib/gcc/arm-none-eabi/10.3.1/thumb/v7e-m+fp/hard/crtn.o
OUTPUT(Qr-Control.elf elf32-littlearm)
LOAD linker stubs
LOAD /opt/st/stm32cubeide_1.11.0/plugins/com.st.stm32cube.ide.mcu.externaltools.gnu-tools-for-stm32.10.3-2021.10.linux64_1.0.100.202210260954/tools/bin/../lib/gcc/arm-none-eabi/10.3.1/../../../../arm-none-eabi/lib/thumb/v7e-m+fp/hard/libc.a
LOAD /opt/st/stm32cubeide_1.11.0/plugins/com.st.stm32cube.ide.mcu.externaltools.gnu-tools-for-stm32.10.3-2021.10.linux64_1.0.100.202210260954/tools/bin/../lib/gcc/arm-none-eabi/10.3.1/../../../../arm-none-eabi/lib/thumb/v7e-m+fp/hard/libm.a
LOAD /opt/st/stm32cubeide_1.11.0/plugins/com.st.stm32cube.ide.mcu.externaltools.gnu-tools-for-stm32.10.3-2021.10.linux64_1.0.100.202210260954/tools/bin/../lib/gcc/arm-none-eabi/10.3.1/thumb/v7e-m+fp/hard/libgcc.a

.debug_info     0x0000000000000000     0xee1a
 .debug_info    0x0000000000000000      0x48e ./Core/Src/gpio.o
 .debug_info    0x000000000000048e     0x149a ./Core/Src/main.o
 .debug_info    0x0000000000001928      0x2a8 ./Core/Src/stm32f4xx_hal_msp.o
 .debug_info    0x0000000000001bd0      0x9e0 ./Core/Src/stm32f4xx_it.o
 .debug_info    0x00000000000025b0      0x523 ./Core/Src/system_stm32f4xx.o
 .debug_info    0x0000000000002ad3     0x1201 ./Core/Src/tim.o
 .debug_info    0x0000000000003cd4      0xc14 ./Core/Src/usart.o
 .debug_info    0x00000000000048e8       0x22 ./Core/Startup/startup_stm32f407vgtx.o
 .debug_info    0x000000000000490a      0x97c ./Drivers/STM32F4xx_HAL_Driver/Src/stm32f4xx_hal.o
 .debug_info    0x0000000000005286      0xe1b ./Drivers/STM32F4xx_HAL_Driver/Src/stm32f4xx_hal_cortex.o
 .debug_info    0x00000000000060a1      0x94f ./Drivers/STM32F4xx_HAL_Driver/Src/stm32f4xx_hal_dma.o
 .debug_info    0x00000000000069f0      0x76a ./Drivers/STM32F4xx_HAL_Driver/Src/stm32f4xx_hal_gpio.o
 .debug_info    0x000000000000715a      0x966 ./Drivers/STM32F4xx_HAL_Driver/Src/stm32f4xx_hal_rcc.o
 .debug_info    0x0000000000007ac0     0x2bbe ./Drivers/STM32F4xx_HAL_Driver/Src/stm32f4xx_hal_tim.o
 .debug_info    0x000000000000a67e     0x15e0 ./Drivers/STM32F4xx_HAL_Driver/Src/stm32f4xx_hal_tim_ex.o
 .debug_info    0x000000000000bc5e     0x31bc ./Drivers/STM32F4xx_HAL_Driver/Src/stm32f4xx_hal_uart.o

.debug_abbrev   0x0000000000000000     0x1fd8
 .debug_abbrev  0x0000000000000000      0x146 ./Core/Src/gpio.o
 .debug_abbrev  0x0000000000000146      0x326 ./Core/Src/main.o
 .debug_abbrev  0x000000000000046c       0xd4 ./Core/Src/stm32f4xx_hal_msp.o
 .debug_abbrev  0x0000000000000540      0x18b ./Core/Src/stm32f4xx_it.o
 .debug_abbrev  0x00000000000006cb      0x116 ./Core/Src/system_stm32f4xx.o
 .debug_abbrev  0x00000000000007e1      0x23e ./Core/Src/tim.o
 .debug_abbrev  0x0000000000000a1f      0x205 ./Core/Src/usart.o
 .debug_abbrev  0x0000000000000c24       0x12 ./Core/Startup/startup_stm32f407vgtx.o
 .debug_abbrev  0x0000000000000c36      0x20d ./Drivers/STM32F4xx_HAL_Driver/Src/stm32f4xx_hal.o
 .debug_abbrev  0x0000000000000e43      0x316 ./Drivers/STM32F4xx_HAL_Driver/Src/stm32f4xx_hal_cortex.o
 .debug_abbrev  0x0000000000001159      0x25b ./Drivers/STM32F4xx_HAL_Driver/Src/stm32f4xx_hal_dma.o
 .debug_abbrev  0x00000000000013b4      0x1c4 ./Drivers/STM32F4xx_HAL_Driver/Src/stm32f4xx_hal_gpio.o
 .debug_abbrev  0x0000000000001578      0x2aa ./Drivers/STM32F4xx_HAL_Driver/Src/stm32f4xx_hal_rcc.o
 .debug_abbrev  0x0000000000001822      0x25d ./Drivers/STM32F4xx_HAL_Driver/Src/stm32f4xx_hal_tim.o
 .debug_abbrev  0x0000000000001a7f      0x265 ./Drivers/STM32F4xx_HAL_Driver/Src/stm32f4xx_hal_tim_ex.o
 .debug_abbrev  0x0000000000001ce4      0x2f4 ./Drivers/STM32F4xx_HAL_Driver/Src/stm32f4xx_hal_uart.o

.debug_aranges  0x0000000000000000      0xce8
 .debug_aranges
                0x0000000000000000       0x20 ./Core/Src/gpio.o
 .debug_aranges
                0x0000000000000020       0xa0 ./Core/Src/main.o
 .debug_aranges
                0x00000000000000c0       0x20 ./Core/Src/stm32f4xx_hal_msp.o
 .debug_aranges
                0x00000000000000e0       0x70 ./Core/Src/stm32f4xx_it.o
 .debug_aranges
                0x0000000000000150       0x28 ./Core/Src/system_stm32f4xx.o
 .debug_aranges
                0x0000000000000178       0x68 ./Core/Src/tim.o
 .debug_aranges
                0x00000000000001e0       0x30 ./Core/Src/usart.o
 .debug_aranges
                0x0000000000000210       0x28 ./Core/Startup/startup_stm32f407vgtx.o
 .debug_aranges
                0x0000000000000238       0xf0 ./Drivers/STM32F4xx_HAL_Driver/Src/stm32f4xx_hal.o
 .debug_aranges
                0x0000000000000328      0x118 ./Drivers/STM32F4xx_HAL_Driver/Src/stm32f4xx_hal_cortex.o
 .debug_aranges
                0x0000000000000440       0x90 ./Drivers/STM32F4xx_HAL_Driver/Src/stm32f4xx_hal_dma.o
 .debug_aranges
                0x00000000000004d0       0x58 ./Drivers/STM32F4xx_HAL_Driver/Src/stm32f4xx_hal_gpio.o
 .debug_aranges
                0x0000000000000528       0x88 ./Drivers/STM32F4xx_HAL_Driver/Src/stm32f4xx_hal_rcc.o
 .debug_aranges
                0x00000000000005b0      0x3d0 ./Drivers/STM32F4xx_HAL_Driver/Src/stm32f4xx_hal_tim.o
 .debug_aranges
                0x0000000000000980      0x168 ./Drivers/STM32F4xx_HAL_Driver/Src/stm32f4xx_hal_tim_ex.o
 .debug_aranges
                0x0000000000000ae8      0x200 ./Drivers/STM32F4xx_HAL_Driver/Src/stm32f4xx_hal_uart.o

.debug_ranges   0x0000000000000000      0xc20
 .debug_ranges  0x0000000000000000       0x10 ./Core/Src/gpio.o
 .debug_ranges  0x0000000000000010       0x90 ./Core/Src/main.o
 .debug_ranges  0x00000000000000a0       0x10 ./Core/Src/stm32f4xx_hal_msp.o
 .debug_ranges  0x00000000000000b0       0x60 ./Core/Src/stm32f4xx_it.o
 .debug_ranges  0x0000000000000110       0x18 ./Core/Src/system_stm32f4xx.o
 .debug_ranges  0x0000000000000128       0x58 ./Core/Src/tim.o
 .debug_ranges  0x0000000000000180       0x20 ./Core/Src/usart.o
 .debug_ranges  0x00000000000001a0       0x20 ./Core/Startup/startup_stm32f407vgtx.o
 .debug_ranges  0x00000000000001c0       0xe0 ./Drivers/STM32F4xx_HAL_Driver/Src/stm32f4xx_hal.o
 .debug_ranges  0x00000000000002a0      0x108 ./Drivers/STM32F4xx_HAL_Driver/Src/stm32f4xx_hal_cortex.o
 .debug_ranges  0x00000000000003a8       0x80 ./Drivers/STM32F4xx_HAL_Driver/Src/stm32f4xx_hal_dma.o
 .debug_ranges  0x0000000000000428       0x48 ./Drivers/STM32F4xx_HAL_Driver/Src/stm32f4xx_hal_gpio.o
 .debug_ranges  0x0000000000000470       0x78 ./Drivers/STM32F4xx_HAL_Driver/Src/stm32f4xx_hal_rcc.o
 .debug_ranges  0x00000000000004e8      0x3c0 ./Drivers/STM32F4xx_HAL_Driver/Src/stm32f4xx_hal_tim.o
 .debug_ranges  0x00000000000008a8      0x158 ./Drivers/STM32F4xx_HAL_Driver/Src/stm32f4xx_hal_tim_ex.o
 .debug_ranges  0x0000000000000a00      0x220 ./Drivers/STM32F4xx_HAL_Driver/Src/stm32f4xx_hal_uart.o

.debug_macro    0x0000000000000000    0x2144c
 .debug_macro   0x0000000000000000      0x1e2 ./Core/Src/gpio.o
 .debug_macro   0x00000000000001e2      0xa78 ./Core/Src/gpio.o
 .debug_macro   0x0000000000000c5a      0x29b ./Core/Src/gpio.o
 .debug_macro   0x0000000000000ef5       0x2e ./Core/Src/gpio.o
 .debug_macro   0x0000000000000f23       0x2f ./Core/Src/gpio.o
 .debug_macro   0x0000000000000f52       0x22 ./Core/Src/gpio.o
 .debug_macro   0x0000000000000f74       0x8e ./Core/Src/gpio.o
 .debug_macro   0x0000000000001002       0x51 ./Core/Src/gpio.o
 .debug_macro   0x0000000000001053      0x103 ./Core/Src/gpio.o
 .debug_macro   0x0000000000001156       0x6a ./Core/Src/gpio.o
 .debug_macro   0x00000000000011c0      0x1df ./Core/Src/gpio.o
 .debug_macro   0x000000000000139f       0x1c ./Core/Src/gpio.o
 .debug_macro   0x00000000000013bb       0x22 ./Core/Src/gpio.o
 .debug_macro   0x00000000000013dd       0xd9 ./Core/Src/gpio.o
 .debug_macro   0x00000000000014b6     0x102d ./Core/Src/gpio.o
 .debug_macro   0x00000000000024e3      0x11f ./Core/Src/gpio.o
 .debug_macro   0x0000000000002602    0x15e82 ./Core/Src/gpio.o
 .debug_macro   0x0000000000018484       0x6d ./Core/Src/gpio.o
 .debug_macro   0x00000000000184f1     0x367e ./Core/Src/gpio.o
 .debug_macro   0x000000000001bb6f      0x174 ./Core/Src/gpio.o
 .debug_macro   0x000000000001bce3       0x5c ./Core/Src/gpio.o
 .debug_macro   0x000000000001bd3f      0x96b ./Core/Src/gpio.o
 .debug_macro   0x000000000001c6aa      0x9fe ./Core/Src/gpio.o
 .debug_macro   0x000000000001d0a8      0x115 ./Core/Src/gpio.o
 .debug_macro   0x000000000001d1bd      0x13e ./Core/Src/gpio.o
 .debug_macro   0x000000000001d2fb       0xa5 ./Core/Src/gpio.o
 .debug_macro   0x000000000001d3a0      0x174 ./Core/Src/gpio.o
 .debug_macro   0x000000000001d514      0x287 ./Core/Src/gpio.o
 .debug_macro   0x000000000001d79b       0x5f ./Core/Src/gpio.o
 .debug_macro   0x000000000001d7fa      0x236 ./Core/Src/gpio.o
 .debug_macro   0x000000000001da30      0x12c ./Core/Src/gpio.o
 .debug_macro   0x000000000001db5c      0x21e ./Core/Src/gpio.o
 .debug_macro   0x000000000001dd7a       0x2e ./Core/Src/gpio.o
 .debug_macro   0x000000000001dda8      0x11a ./Core/Src/gpio.o
 .debug_macro   0x000000000001dec2       0x7e ./Core/Src/gpio.o
 .debug_macro   0x000000000001df40       0x89 ./Core/Src/gpio.o
 .debug_macro   0x000000000001dfc9      0x8e6 ./Core/Src/gpio.o
 .debug_macro   0x000000000001e8af       0x47 ./Core/Src/gpio.o
 .debug_macro   0x000000000001e8f6      0x295 ./Core/Src/gpio.o
 .debug_macro   0x000000000001eb8b      0x12d ./Core/Src/gpio.o
 .debug_macro   0x000000000001ecb8      0x3f8 ./Core/Src/main.o
 .debug_macro   0x000000000001f0b0       0x10 ./Core/Src/main.o
 .debug_macro   0x000000000001f0c0       0x52 ./Core/Src/main.o
 .debug_macro   0x000000000001f112       0x1e ./Core/Src/main.o
 .debug_macro   0x000000000001f130       0x3c ./Core/Src/main.o
 .debug_macro   0x000000000001f16c       0x34 ./Core/Src/main.o
 .debug_macro   0x000000000001f1a0       0x16 ./Core/Src/main.o
 .debug_macro   0x000000000001f1b6       0x35 ./Core/Src/main.o
 .debug_macro   0x000000000001f1eb      0x341 ./Core/Src/main.o
 .debug_macro   0x000000000001f52c       0x10 ./Core/Src/main.o
 .debug_macro   0x000000000001f53c       0x16 ./Core/Src/main.o
 .debug_macro   0x000000000001f552       0x43 ./Core/Src/main.o
 .debug_macro   0x000000000001f595       0x34 ./Core/Src/main.o
 .debug_macro   0x000000000001f5c9       0x10 ./Core/Src/main.o
 .debug_macro   0x000000000001f5d9       0x58 ./Core/Src/main.o
 .debug_macro   0x000000000001f631       0x71 ./Core/Src/main.o
 .debug_macro   0x000000000001f6a2       0x1c ./Core/Src/main.o
 .debug_macro   0x000000000001f6be      0x12a ./Core/Src/main.o
 .debug_macro   0x000000000001f7e8       0x10 ./Core/Src/main.o
 .debug_macro   0x000000000001f7f8       0x1c ./Core/Src/main.o
 .debug_macro   0x000000000001f814       0x52 ./Core/Src/main.o
 .debug_macro   0x000000000001f866       0x22 ./Core/Src/main.o
 .debug_macro   0x000000000001f888       0x10 ./Core/Src/main.o
 .debug_macro   0x000000000001f898       0x52 ./Core/Src/main.o
 .debug_macro   0x000000000001f8ea       0xd5 ./Core/Src/main.o
 .debug_macro   0x000000000001f9bf       0x1c ./Core/Src/main.o
 .debug_macro   0x000000000001f9db       0x3d ./Core/Src/main.o
 .debug_macro   0x000000000001fa18       0x16 ./Core/Src/main.o
 .debug_macro   0x000000000001fa2e      0x145 ./Core/Src/main.o
 .debug_macro   0x000000000001fb73       0x16 ./Core/Src/main.o
 .debug_macro   0x000000000001fb89       0x20 ./Core/Src/main.o
 .debug_macro   0x000000000001fba9       0x16 ./Core/Src/main.o
 .debug_macro   0x000000000001fbbf       0x16 ./Core/Src/main.o
 .debug_macro   0x000000000001fbd5       0x29 ./Core/Src/main.o
 .debug_macro   0x000000000001fbfe      0x1d8 ./Core/Src/stm32f4xx_hal_msp.o
 .debug_macro   0x000000000001fdd6      0x1e2 ./Core/Src/stm32f4xx_it.o
 .debug_macro   0x000000000001ffb8      0x1ce ./Core/Src/system_stm32f4xx.o
 .debug_macro   0x0000000000020186      0x1e2 ./Core/Src/tim.o
 .debug_macro   0x0000000000020368      0x1e2 ./Core/Src/usart.o
 .debug_macro   0x000000000002054a      0x22e ./Drivers/STM32F4xx_HAL_Driver/Src/stm32f4xx_hal.o
 .debug_macro   0x0000000000020778      0x1ce ./Drivers/STM32F4xx_HAL_Driver/Src/stm32f4xx_hal_cortex.o
 .debug_macro   0x0000000000020946      0x1d4 ./Drivers/STM32F4xx_HAL_Driver/Src/stm32f4xx_hal_dma.o
 .debug_macro   0x0000000000020b1a      0x1d4 ./Drivers/STM32F4xx_HAL_Driver/Src/stm32f4xx_hal_gpio.o
 .debug_macro   0x0000000000020cee      0x1f2 ./Drivers/STM32F4xx_HAL_Driver/Src/stm32f4xx_hal_rcc.o
 .debug_macro   0x0000000000020ee0      0x1cf ./Drivers/STM32F4xx_HAL_Driver/Src/stm32f4xx_hal_tim.o
 .debug_macro   0x00000000000210af      0x1ce ./Drivers/STM32F4xx_HAL_Driver/Src/stm32f4xx_hal_tim_ex.o
 .debug_macro   0x000000000002127d      0x1cf ./Drivers/STM32F4xx_HAL_Driver/Src/stm32f4xx_hal_uart.o

.debug_line     0x0000000000000000     0xf068
 .debug_line    0x0000000000000000      0x6da ./Core/Src/gpio.o
 .debug_line    0x00000000000006da      0xc25 ./Core/Src/main.o
 .debug_line    0x00000000000012ff      0x69f ./Core/Src/stm32f4xx_hal_msp.o
 .debug_line    0x000000000000199e      0x792 ./Core/Src/stm32f4xx_it.o
 .debug_line    0x0000000000002130      0x721 ./Core/Src/system_stm32f4xx.o
 .debug_line    0x0000000000002851      0x9b2 ./Core/Src/tim.o
 .debug_line    0x0000000000003203      0x70c ./Core/Src/usart.o
 .debug_line    0x000000000000390f       0x88 ./Core/Startup/startup_stm32f407vgtx.o
 .debug_line    0x0000000000003997      0x987 ./Drivers/STM32F4xx_HAL_Driver/Src/stm32f4xx_hal.o
 .debug_line    0x000000000000431e      0xc36 ./Drivers/STM32F4xx_HAL_Driver/Src/stm32f4xx_hal_cortex.o
 .debug_line    0x0000000000004f54      0xeeb ./Drivers/STM32F4xx_HAL_Driver/Src/stm32f4xx_hal_dma.o
 .debug_line    0x0000000000005e3f      0xafb ./Drivers/STM32F4xx_HAL_Driver/Src/stm32f4xx_hal_gpio.o
 .debug_line    0x000000000000693a      0xd03 ./Drivers/STM32F4xx_HAL_Driver/Src/stm32f4xx_hal_rcc.o
 .debug_line    0x000000000000763d     0x367b ./Drivers/STM32F4xx_HAL_Driver/Src/stm32f4xx_hal_tim.o
 .debug_line    0x000000000000acb8     0x1984 ./Drivers/STM32F4xx_HAL_Driver/Src/stm32f4xx_hal_tim_ex.o
 .debug_line    0x000000000000c63c     0x2a2c ./Drivers/STM32F4xx_HAL_Driver/Src/stm32f4xx_hal_uart.o

.debug_str      0x0000000000000000    0xcb149
 .debug_str     0x0000000000000000    0xc35b9 ./Core/Src/gpio.o
                                      0xc383d (size before relaxing)
 .debug_str     0x00000000000c35b9     0x4aef ./Core/Src/main.o
                                      0xc83ca (size before relaxing)
 .debug_str     0x00000000000c80a8       0x2c ./Core/Src/stm32f4xx_hal_msp.o
                                      0xc3772 (size before relaxing)
 .debug_str     0x00000000000c80d4      0x112 ./Core/Src/stm32f4xx_it.o
                                      0xc3e7e (size before relaxing)
 .debug_str     0x00000000000c81e6       0xdb ./Core/Src/system_stm32f4xx.o
                                      0xc3822 (size before relaxing)
 .debug_str     0x00000000000c82c1      0x7f0 ./Core/Src/tim.o
                                      0xc45d2 (size before relaxing)
 .debug_str     0x00000000000c8ab1       0x51 ./Core/Src/usart.o
                                      0xc4206 (size before relaxing)
 .debug_str     0x00000000000c8b02       0x36 ./Core/Startup/startup_stm32f407vgtx.o
                                         0x74 (size before relaxing)
 .debug_str     0x00000000000c8b38      0x617 ./Drivers/STM32F4xx_HAL_Driver/Src/stm32f4xx_hal.o
                                      0xc43a6 (size before relaxing)
 .debug_str     0x00000000000c914f      0x323 ./Drivers/STM32F4xx_HAL_Driver/Src/stm32f4xx_hal_cortex.o
                                      0xc40d9 (size before relaxing)
 .debug_str     0x00000000000c9472      0x323 ./Drivers/STM32F4xx_HAL_Driver/Src/stm32f4xx_hal_dma.o
                                      0xc3c3c (size before relaxing)
 .debug_str     0x00000000000c9795      0x121 ./Drivers/STM32F4xx_HAL_Driver/Src/stm32f4xx_hal_gpio.o
                                      0xc399d (size before relaxing)
 .debug_str     0x00000000000c98b6      0x233 ./Drivers/STM32F4xx_HAL_Driver/Src/stm32f4xx_hal_rcc.o
                                      0xc3c56 (size before relaxing)
 .debug_str     0x00000000000c9ae9      0xc22 ./Drivers/STM32F4xx_HAL_Driver/Src/stm32f4xx_hal_tim.o
                                      0xc4b9c (size before relaxing)
 .debug_str     0x00000000000ca70b      0x493 ./Drivers/STM32F4xx_HAL_Driver/Src/stm32f4xx_hal_tim_ex.o
                                      0xc43b8 (size before relaxing)
 .debug_str     0x00000000000cab9e      0x5ab ./Drivers/STM32F4xx_HAL_Driver/Src/stm32f4xx_hal_uart.o
                                      0xc41f5 (size before relaxing)

.comment        0x0000000000000000       0x50
 .comment       0x0000000000000000       0x50 ./Core/Src/gpio.o
                                         0x51 (size before relaxing)
 .comment       0x0000000000000050       0x51 ./Core/Src/main.o
 .comment       0x0000000000000050       0x51 ./Core/Src/stm32f4xx_hal_msp.o
 .comment       0x0000000000000050       0x51 ./Core/Src/stm32f4xx_it.o
 .comment       0x0000000000000050       0x51 ./Core/Src/system_stm32f4xx.o
 .comment       0x0000000000000050       0x51 ./Core/Src/tim.o
 .comment       0x0000000000000050       0x51 ./Core/Src/usart.o
 .comment       0x0000000000000050       0x51 ./Drivers/STM32F4xx_HAL_Driver/Src/stm32f4xx_hal.o
 .comment       0x0000000000000050       0x51 ./Drivers/STM32F4xx_HAL_Driver/Src/stm32f4xx_hal_cortex.o
 .comment       0x0000000000000050       0x51 ./Drivers/STM32F4xx_HAL_Driver/Src/stm32f4xx_hal_dma.o
 .comment       0x0000000000000050       0x51 ./Drivers/STM32F4xx_HAL_Driver/Src/stm32f4xx_hal_gpio.o
 .comment       0x0000000000000050       0x51 ./Drivers/STM32F4xx_HAL_Driver/Src/stm32f4xx_hal_rcc.o
 .comment       0x0000000000000050       0x51 ./Drivers/STM32F4xx_HAL_Driver/Src/stm32f4xx_hal_tim.o
 .comment       0x0000000000000050       0x51 ./Drivers/STM32F4xx_HAL_Driver/Src/stm32f4xx_hal_tim_ex.o
 .comment       0x0000000000000050       0x51 ./Drivers/STM32F4xx_HAL_Driver/Src/stm32f4xx_hal_uart.o

.debug_frame    0x0000000000000000     0x3590
 .debug_frame   0x0000000000000000       0x34 ./Core/Src/gpio.o
 .debug_frame   0x0000000000000034      0x234 ./Core/Src/main.o
 .debug_frame   0x0000000000000268       0x38 ./Core/Src/stm32f4xx_hal_msp.o
 .debug_frame   0x00000000000002a0      0x13c ./Core/Src/stm32f4xx_it.o
 .debug_frame   0x00000000000003dc       0x58 ./Core/Src/system_stm32f4xx.o
 .debug_frame   0x0000000000000434      0x178 ./Core/Src/tim.o
 .debug_frame   0x00000000000005ac       0x74 ./Core/Src/usart.o
 .debug_frame   0x0000000000000620      0x374 ./Drivers/STM32F4xx_HAL_Driver/Src/stm32f4xx_hal.o
 .debug_frame   0x0000000000000994      0x498 ./Drivers/STM32F4xx_HAL_Driver/Src/stm32f4xx_hal_cortex.o
 .debug_frame   0x0000000000000e2c      0x250 ./Drivers/STM32F4xx_HAL_Driver/Src/stm32f4xx_hal_dma.o
 .debug_frame   0x000000000000107c      0x14c ./Drivers/STM32F4xx_HAL_Driver/Src/stm32f4xx_hal_gpio.o
 .debug_frame   0x00000000000011c8      0x1f4 ./Drivers/STM32F4xx_HAL_Driver/Src/stm32f4xx_hal_rcc.o
 .debug_frame   0x00000000000013bc     0x11c4 ./Drivers/STM32F4xx_HAL_Driver/Src/stm32f4xx_hal_tim.o
 .debug_frame   0x0000000000002580      0x638 ./Drivers/STM32F4xx_HAL_Driver/Src/stm32f4xx_hal_tim_ex.o
 .debug_frame   0x0000000000002bb8      0x92c ./Drivers/STM32F4xx_HAL_Driver/Src/stm32f4xx_hal_uart.o
 .debug_frame   0x00000000000034e4       0x2c /opt/st/stm32cubeide_1.11.0/plugins/com.st.stm32cube.ide.mcu.externaltools.gnu-tools-for-stm32.10.3-2021.10.linux64_1.0.100.202210260954/tools/bin/../lib/gcc/arm-none-eabi/10.3.1/../../../../arm-none-eabi/lib/thumb/v7e-m+fp/hard/libc_nano.a(lib_a-init.o)
 .debug_frame   0x0000000000003510       0x20 /opt/st/stm32cubeide_1.11.0/plugins/com.st.stm32cube.ide.mcu.externaltools.gnu-tools-for-stm32.10.3-2021.10.linux64_1.0.100.202210260954/tools/bin/../lib/gcc/arm-none-eabi/10.3.1/../../../../arm-none-eabi/lib/thumb/v7e-m+fp/hard/libc_nano.a(lib_a-memset.o)
 .debug_frame   0x0000000000003530       0x2c /opt/st/stm32cubeide_1.11.0/plugins/com.st.stm32cube.ide.mcu.externaltools.gnu-tools-for-stm32.10.3-2021.10.linux64_1.0.100.202210260954/tools/bin/../lib/gcc/arm-none-eabi/10.3.1/thumb/v7e-m+fp/hard/libgcc.a(_aeabi_uldivmod.o)
 .debug_frame   0x000000000000355c       0x34 /opt/st/stm32cubeide_1.11.0/plugins/com.st.stm32cube.ide.mcu.externaltools.gnu-tools-for-stm32.10.3-2021.10.linux64_1.0.100.202210260954/tools/bin/../lib/gcc/arm-none-eabi/10.3.1/thumb/v7e-m+fp/hard/libgcc.a(_udivmoddi4.o)
