../Core/Src/main.c:111:5:main	8	static
../Core/Src/main.c:182:6:SystemClock_Config	88	static
../Core/Src/main.c:223:6:SerialInit	8	static
../Core/Src/main.c:229:6:SerialAcceptReceive	8	static
../Core/Src/main.c:235:6:HAL_UART_RxCpltCallback	16	static
../Core/Src/main.c:245:6:SerialWriteComm	16	static
../Core/Src/main.c:255:6:MotorSetRun	8	static
../Core/Src/main.c:261:6:Motor1Forward	8	static
../Core/Src/main.c:267:6:Motor1Backward	8	static
../Core/Src/main.c:273:6:Motor2Forward	8	static
../Core/Src/main.c:279:6:Motor2Backward	8	static
../Core/Src/main.c:285:6:MotorSetDuty	16	static
../Core/Src/main.c:298:6:MotorInit	8	static
../Core/Src/main.c:320:6:MotorGetPulse	16	static
../Core/Src/main.c:332:6:HAL_TIM_PeriodElapsedCallback	16	static
../Core/Src/main.c:368:6:MotorMovePos	40	static
../Core/Src/main.c:500:6:Error_Handler	4	static,ignoring_inline_asm
