../Core/Src/main.c:110:5:main	8	static
../Core/Src/main.c:170:6:SystemClock_Config	88	static
../Core/Src/main.c:211:6:SerialInit	8	static
../Core/Src/main.c:217:6:SerialAcceptReceive	8	static
../Core/Src/main.c:223:6:HAL_UART_RxCpltCallback	16	static
../Core/Src/main.c:233:6:SerialWriteComm	16	static
../Core/Src/main.c:243:6:MotorSetRun	8	static
../Core/Src/main.c:249:6:Motor1Forward	8	static
../Core/Src/main.c:255:6:Motor1Backward	8	static
../Core/Src/main.c:261:6:Motor2Forward	8	static
../Core/Src/main.c:267:6:Motor2Backward	8	static
../Core/Src/main.c:273:6:MotorSetDuty	16	static
../Core/Src/main.c:286:6:MotorInit	8	static
../Core/Src/main.c:307:6:MotorGetPulse	16	static
../Core/Src/main.c:319:6:HAL_TIM_PeriodElapsedCallback	16	static
../Core/Src/main.c:342:6:MotorMovePos	24	static
../Core/Src/main.c:416:6:Error_Handler	4	static,ignoring_inline_asm
